---
source: cubesql/src/compile/mod.rs
expression: "execute_query(\"SELECT current_schemas(true)\".to_string(),\n            DatabaseProtocol::PostgreSQL).await?"
---
+-------------------------------------------+
| pg_catalog.current_schemas(Boolean(true)) |
+-------------------------------------------+
| {pg_catalog,public}                       |
+-------------------------------------------+
