---
source: cubesql/src/compile/mod.rs
expression: "execute_query(\"select pg_backend_pid();\".to_string(),\n            DatabaseProtocol::PostgreSQL).await?"
---
+-----------------------------+
| pg_catalog.pg_backend_pid() |
+-----------------------------+
| 1                           |
+-----------------------------+
