---
source: cubesql/src/compile/mod.rs
expression: "execute_query(\"SELECT current_schema()\".to_string(),\n            DatabaseProtocol::PostgreSQL).await?"
---
+-----------------------------+
| pg_catalog.current_schema() |
+-----------------------------+
| public                      |
+-----------------------------+
