---
source: cubesql/src/compile/mod.rs
expression: "execute_query(\"SELECT unnest(ARRAY[1,2,3,4,5]);\".to_string(),\n            DatabaseProtocol::PostgreSQL).await?"
---
+--------------------------------------+
| pg_catalog.unnest(List([1,2,3,4,5])) |
+--------------------------------------+
| 1                                    |
| 2                                    |
| 3                                    |
| 4                                    |
| 5                                    |
+--------------------------------------+
